[    000000]nialing ro ssys cpet[   .000] nitiizing cgroup subsys cpu
[    0.000000] Initializing cgroup subsys cpuacct
[    0.000000] Linux version 4.4.0-170-generic (buildd@lcy01-amd64-019) (gcc version 5.4.0 20160609 (Ubuntu 5.4.0-6ubuntu1~16.04.12) ) #199-Ubuntu SMP Thu Nov 14 01:45:04 UTC 2019 (Ubuntu 4.4.0-170.199-generic 4.4.200)
[    0.000000] Command line: BOOT_IMAGE=/boot/vmlinuz-4.4.0-170-generic root=LABEL=cloudimg-rootfs ro console=tty1 console=ttyS0
[    0.000000] KERNEL supported cpus:
[    0.000000]   Intel GenuineIntel
[    0.000000]   AMD AuthenticAMD
[    0.000000]   Centaur CentaurHauls
[    0.000000] x86/fpu: xstate_offset[2]:  576, xstate_sizes[2]:  256
[    0.000000] x86/fpu: Supporting XSAVE feature 0x01: 'x87 floating point registers'
[    0.000000] x86/fpu: Supporting XSAVE feature 0x02: 'SSE registers'
[    0.000000] x86/fpu: Supporting XSAVE feature 0x04: 'AVX registers'
[    0.000000] x86/fpu: Enabled xstate features 0x7, context size is 832 bytes, using 'standard' format.
[    0.000000] e820: BIOS-provided physical RAM map:
[    0.000000] BIOS-e820: [mem 0x0000000000000000-0x000000000009fbff] usable
[    0.000000] BIOS-e820: [mem 0x000000000009fc00-0x000000000009ffff] reservd
[    0.000000] BIOS-e820: [mem 0x00000000000f0000-0x00000000000fffff] reserved
[    0.000000] BIOS-e820: [mem 0x0000000000100000-0x000000003ffeffff] usable
[    0.000000] BIOS-e820: [mem 0x000000003fff0000-0x000000003fffffff] ACPI data
[    0.000000] BIOS-e820: [mem 0x00000000fec00000-0x00000000fec00fff] reserved
[    0.000000] BIOS-e820: [mem 0x00000000fee00000-0x00000000fee00fff] reserved
[    0.000000] BIOS-e820: [mem 0x00000000fffc0000-0x00000000ffffffff] reserved
[    0.000000] NX (Execute Disable) protection: active
[    0.000000] SMBIOS 2.5 present.
[    0.000000] Hypervisor detected: KVM
[    0.000000] e820: last_pfn = 0x3fff0 max_arch_pfn = 0x400000000
[    0.000000] MTRR: Disabled
[    0.000000] x86/PAT: MTRRs disabled, skipping PAT initialization too.
[    0.000000] CPU MTRRs all blank - virtualized system.
[    0.000000] x86/PAT: Configuration [0-7]: WB  WT  UC- UC  WB  WT  UC- UC  
[    0.000000] found SMP MP-table at [mem 0x0009fff0-0x0009ffff] mapped at [ffff88000009fff0]
[    0.000000] Scanning 1 areas for low memory corruption
[    0.000000] RAMDISK: [mem 0x362f8000-0x37173fff]
[    0.000000] ACPI: Early table checksum verification disabled
[    0.000000] ACPI: RSDP 0x00000000000E0000 000024 (v02 VBOX  )
[    0.000000] ACPI: XSDT 0x000000003FFF0030 00003C (v01 VBOX   VBOXXSDT 00000001 ASL  00000061)
[    0.000000] ACPI: FACP 0x000000003FFF00F0 0000F4 (v04 VBOX   VBOXFACP 00000001 ASL  00000061)
[    0.000000] ACPI: DSDT 0x000000003FFF0470 0021FF (v02 VBOX   VBOXBIOS 00000002 INTL 20180105)
[    0.000000] ACPI: FACS 0x000000003FFF0200 000040
[    0.000000] ACPI: FACS 0x000000003FFF0200 000040
[    0.000000] ACPI: APIC 0x000000003FFF0240 00005C (v02 VBOX   VBOXAPIC 00000001 ASL  00000061)
[    0.000000] ACPI: SSDT 0x000000003FFF02A0 0001CC (v01 VBOX   VBOXCPUT 00000002 INTL 20180105)
[    0.000000] No NUMA configuration found
[    0.000000] Faking a node at [mem 0x0000000000000000-0x000000003ffeffff]
[    0.000000] NODE_DATA(0) allocated [mem 0x3ffeb000-0x3ffeffff]
[    0.000000] kvm-clock: Using msrs 4b564d01 and 4b564d00
[    0.000000] kvm-clock: cpu 0, msr 0:3ffe3001, primary cpu clock
[    0.000000] kvm-clock: using sched offset of 3066889359 cycles
[    0.000000] clocksource: kvm-clock: mask: 0xfffffffffffffffff max_cycles: 0x1cd42e4dffb, max_idle_ns: 881590591483 ns
[    0.000000] Zone ranges:
[    0.000000]   DMA      [mem 0x0000000000001000-0x0000000000ffffff]
[    0.000000]   DMA32    [mem 0x0000000001000000-0x000000003ffeffff]
[    0.000000]   Normal   empty
[    0.000000]   Device   empty
[    0.000000] Movable zone start for each node
[    0.000000] Early memory node ranges
[    0.000000]   node   0: [mem 0x0000000000001000-0x000000000009efff]
[    0.000000]   node   0: [mem 0x0000000000100000-0x000000003ffeffff]
[    0.000000] Initmem setup node 0 [mem 0x0000000000001000-0x000000003ffeffff]
[    0.000000] ACPI: PM-Timer IO Port: 0x4008
[    0.000000] IOAPIC[0]: apic_id 2, version 32, address 0xfec00000, GSI 0-23
[    0.000000] ACPI: INT_SRC_OVR (bus 0 bus_irq 0 global_irq 2 dfl dfl)
[    0.000000] ACPI: INT_SRC_OVR (bus 0 bus_irq 9 global_irq 9 low level)
[    0.000000] Using ACPI (MADT) for SMP configuration information
[    0.000000] smpboot: Allowing 2 CPUs, 0 hotplug CPUs
[    0.000000] PM: Registered nosave memory: [mem 0x00000000-0x00000fff]
[    0.000000] PM: Registered nosave memory: [mem 0x0009f000-0x0009ffff]
[    0.000000] PM: Registered nosave memory: [mem 0x000a0000-0x000effff]
[    0.000000] PM: Registered nosave memory: [mem 0x000f0000-0x000fffff]
[    0.000000] e820: [mem 0x40000000-0xfebfffff] available for PCI devices
[    0.000000] Booting paravirtualized kernel on KVM
[    0.000000] clocksource: refined-jiffies: mask: 0xffffffff max_cycles: 0xffffffff, max_idle_ns: 7645519600211568 ns
[    0.000000] setup_percpu: NR_CPUS:512 nr_cpumask_bits:512 nr_cpu_ids:2 nr_node_ids:1
[    0.000000] PERCPU: Embedded 33 pages/cpu @ffff88003fc00000 s95448 r8192 d31528 u1048576
[    0.000000] Built 1 zonelists in Node order, mobility grouping on.  Total pages: 257912
[    0.000000] Policy zone: DMA32
[    0.000000] Kernel command line: BOOT_IMAGE=/boot/vmlinuz-4.4.0-170-generic root=LABEL=cloudimg-rootfs ro console=tty1 console=ttyS0
[    0.000000] PID hash table entries: 4096 (order: 3, 32768 bytes)
[    0.000000] Memory: 997724K/1048120K available (8626K kernel code, 1336K rwdata, 4036K rodata, 1488K init, 1288K bss, 50396K reserved, 0K cma-reserved)
[    0.000000] SLUB: HWalign=64, Order=0-3, MinObjects=0, CPUs=2, Nodes=1
[    0.000000] Kernel/User page tables isolation: enabled
[    0.000000] Hierarchical RCU implementation.
[    0.000000] 	Build-time adjustment of leaf fanout to 64.
[    0.000000] 	RCU restricting CPUs from NR_CPUS=512 to nr_cpu_ids=2.
[    0.000000] RCU: Adjusting geometry for rcu_fanout_leaf=64, nr_cpu_ids=2
[    0.000000] NR_IRQS:33024 nr_irqs:440 16
[    0.000000] Console: colour VGA+ 80x25
[    0.000000] console [tty1] enabled
[    0.000000] console [ttyS0] enabled
[    0.000000] tsc: Detected 3696.000 MHz processor
[    0.373360] Calibrating delay loop (skipped) preset value.. 7392.00 BogoMIPS (lpj=14784000)
[    0.374683] pid_max: default: 32768 minimum: 301
[    0.375347] ACPI: Core revision 20150930
[    0.376626] ACPI: 2 ACPI AML tables successfully acquired and loaded
[    0.377604] Security Framework initialized
[    0.378234] Yama: becoming mindful.
[    0.378830] AppArmor: AppArmor initialized
[    0.379503] Dentry cache hash table entries: 131072 (order: 8, 1048576 bytes)
[    0.380992] Inode-cache hash table entries: 65536 (order: 7, 524288 bytes)
[    0.382018] Mount-cache hash table entries: 2048 (order: 2, 16384 bytes)
[    0.382991] Mountpoint-cache hash table entries: 2048 (order: 2, 16384 bytes)
[    0.384073] Initializing cgroup subsys io
[    0.384720] Initializing cgroup subsys memory
[    0.385393] Initializing cgroup subsys devices
[    0.386073] Initializing cgroup subsys freezer
[    0.386758] Initializing cgroup subsys net_cls
[    0.387418] Initializing cgroup subsys perf_event
[    0.388123] Initializing cgroup subsys net_prio
[    0.388815] Initializing cgroup subsys hugetlb
[    0.389478] Initializing cgroup subsys pids
[    0.391040] mce: CPU supports 0 MCE banks
[    0.391701] Last level iTLB entries: 4KB 64, 2MB 8, 4MB 8
[    0.392474] Last level dTLB entries: 4KB 64, 2MB 0, 4MB 0, 1GB 4
[    0.393361] Spectre V1 : Mitigation: usercopy/swapgs barriers and __user pointer sanitization
[    0.394657] Spectre V2 : Mitigation: Full generic retpoline
[    0.395437] Spectre V2 : Spectre v2 / SpectreRSB mitigation: Filling RSB on context switch
[    0.396669] Speculative Store Bypass: Vulnerable
[    0.397433] MDS: Mitigation: Clear CPU buffers
[    0.399799] Freeing SMP alternatives memory: 36K
[    0.404232] ftrace: allocating 32302 entries in 127 pages
[    0.443774] smpboot: APIC(0) Converting physical 0 to logical package 0
[    0.444646] smpboot: Max logical packages: 1
[    0.445477] x2apic enabled
[    0.446101] Switched APIC routing to physical x2apic.
[    0.447621] ..TIMER: vector=0x30 apic1=0 pin1=2 apic2=-1 pin2=-1
[    0.556456] APIC calibration not consistent with PM-Timer: 102ms instead of 100ms
[    0.562923] APIC delta adjusted to PM-Timer: 6249872 (6411203)
[    0.563765] smpboot: CPU0: Intel(R) Core(TM) i7-8700K CPU @ 3.70GHz (family: 0x6, model: 0x9e, stepping: 0xa)
[    0.572176] Performance Events: unsupported p6 CPU model 158 no PMU driver, software events only.
[    0.596643] KVM setup paravirtual spinlock
[    0.604308] x86: Booting SMP configuration:
[    0.610287] .... node  #0, CPUs:      #1
[    0.630688] kvm-clock: cpu 1, msr 0:3ffe3041, secondary cpu clock
[    0.632339] mce: CPU supports 0 MCE banks
[    0.634803] x86: Booted up 1 node, 2 CPUs
[    0.635476] smpboot: Total of 2 processors activated (14784.00 BogoMIPS)
[    0.636518] devtmpfs: initialized
[    0.638514] evm: security.selinux
[    0.638991] evm: security.SMACK64
[    0.639467] evm: security.SMACK64EXEC
[    0.639983] evm: security.SMACK64TRANSMUTE
[    0.640550] evm: security.SMACK64MMAP
[    0.641053] evm: security.ima
[    0.641490] evm: security.capability
[    0.642095] clocksource: jiffies: mask: 0xffffffff max_cycles: 0xffffffff, max_idle_ns: 7645041785100000 ns
[    0.644372] futex hash table entries: 512 (order: 3, 32768 bytes)
[    0.645193] pinctrl core: initialized pinctrl subsystem
[    0.645919] RTC time:  6:05:06, date: 02/14/20
[    0.646648] NET: Registered protocol family 16
[    0.655687] cpuidle: using governor ladder
[    0.667713] cpuidle: using governor menu
[    0.668261] PCCT header not found.
[    0.668783] ACPI: bus type PCI registered
[    0.669319] acpiphp: ACPI Hot Plug PCI Controller Driver version: 0.5
[    0.670168] PCI: Using configuration type 1 for base access
[    0.680093] ACPI: Added _OSI(Module Device)
[    0.680657] ACPI: Added _OSI(Processor Device)
[    0.681230] ACPI: Added _OSI(3.0 _SCP Extensions)
[    0.681831] ACPI: Added _OSI(Processor Aggregator Device)
[    0.682986] ACPI: Executed 1 blocks of module-level executable AML code
[    0.685209] ACPI: Interpreter enabled
[    0.685725] ACPI: (supports S0 S5)
[    0.686208] ACPI: Using IOAPIC for interrupt routing
[    0.686942] PCI: Using host bridge windows from ACPI; if necessary, use "pci=nocrs" and report a bug
[    0.690422] ACPI: PCI Root Bridge [PCI0] (domain 0000 [bus 00-ff])
[    0.691169] acpi PNP0A03:00: _OSC: OS supports [ASPM ClockPM Segments MSI]
[    0.692063] acpi PNP0A03:00: _OSC: not requesting OS control; OS requires [ExtendedConfig ASPM ClockPM MSI]
[    0.693307] acpi PNP0A03:00: fail to add MMCONFIG information, can't access extended PCI configuration space under this bridge.
[    0.694836] PCI host bridge to bus 0000:00
[    0.695405] pci_bus 0000:00: root bus resource [io  0x0000-0x0cf7 window]
[    0.696203] pci_bus 0000:00: root bus resource [io  0x0d00-0xffff window]
[    0.696989] pci_bus 0000:00: root bus resource [mem 0x000a0000-0x000bffff window]
[    0.697972] pci_bus 0000:00: root bus resource [mem 0x40000000-0xfdffffff window]
[    0.698967] pci_bus 0000:00: root bus resource [bus 00-ff]
[    0.700735] pci 0000:00:01.1: legacy IDE quirk: reg 0x10: [io  0x01f0-0x01f7]
[    0.708012] pci 0000:00:01.1: legacy IDE quirk: reg 0x14: [io  0x03f6]
[    0.708880] pci 0000:00:01.1: legacy IDE quirk: reg 0x18: [io  0x0170-0x0177]
[    0.709702] pci 0000:00:01.1: legacy IDE quirk: reg 0x1c: [io  0x0376]
[    0.718686] pci 0000:00:07.0: quirk: [io  0x4000-0x403f] claimed by PIIX4 ACPI
[    0.719739] pci 0000:00:07.0: quirk: [io  0x4100-0x410f] claimed by PIIX4 SMB
[    0.723316] ACPI: PCI Interrupt Link [LNKA] (IRQs 5 9 10 *11)
[    0.724479] ACPI: PCI Interrupt Link [LNKB] (IRQs 5 9 *10 11)
[    0.725486] ACPI: PCI Interrupt Link [LNKC] (IRQs 5 *9 10 11)
[    0.867659] ACPI: PCI Interrupt Link [LNKD] (IRQs 5 9 10 *11)
[    1.019439] ACPI: Enabled 2 GPEs in block 00 to 07
[    1.151184] vgaarb: setting as boot device: PCI:0000:00:02.0
[    1.317674] vgaarb: device added: PCI:0000:00:02.0,decodes=io+mem,owns=io+mem,locks=none
[    1.382044] vgaarb: loaded
[    1.382526] vgaarb: bridge control possible 0000:00:02.0
[    1.383479] SCSI subsystem initialized
[    1.384162] ACPI: bus type USB registered
[    1.384775] usbcore: registered new interface driver usbfs
[    1.385536] usbcore: registered new interface driver hub
[    1.386294] usbcore: registered new device driver usb
[    1.387190] PCI: Using ACPI for IRQ routing
[    1.389088] NetLabel: Initializing
[    1.389620] NetLabel:  domain hash size = 128
[    1.390265] NetLabel:  protocols = UNLABELED CIPSOv4
[    1.392101] NetLabel:  unlabeled traffic allowed by default
[    1.393843] amd_nb: Cannot enumerate AMD northbridges
[    1.394742] clocksource: Switched to clocksource kvm-clock
[    1.399865] AppArmor: AppArmor Filesystem Enabled
[    1.400523] pnp: PnP ACPI init
[    1.401477] pnp: PnP ACPI: found 3 devices
[    1.409499] clocksource: acpi_pm: mask: 0xffffff max_cycles: 0xffffff, max_idle_ns: 2085701024 ns
[    1.410683] NET: Registered protocol family 2
[    1.411375] TCP established hash table entries: 8192 (order: 4, 65536 bytes)
[    1.412211] TCP bind hash table entries: 8192 (order: 5, 131072 bytes)
[    1.412983] TCP: Hash tables configured (established 8192 bind 8192)
[    1.413738] UDP hash table entries: 512 (order: 2, 16384 bytes)
[    1.414487] UDP-Lite hash table entries: 512 (order: 2, 16384 bytes)
[    1.415303] NET: Registered protocol family 1
[    1.415879] pci 0000:00:00.0: Limiting direct PCI/PCI transfers
[    1.416594] pci 0000:00:01.0: Activating ISA DMA hang workarounds
[    1.417435] Unpacking initramfs...
[  1799]rengnid emory: 1832K
  1.49] ocoue:scma: ffffffffffff max_cycles: 0x6a8d280fdb9, max_idle_ns: 881591151302 ns
[    2.413108] platform rtc_cmos: registered platform RTC device (no PNP device found)
[    2.414202] Scanning for low memory corruption every 60 seconds

[    2.415286] audit: initializing netlink subsys (disabled)
[    2.415988] audit: type=2000 audit(1581660312.145:1): initialized
[    2.416982] Initialise system trusted keyring
[    2.417667] HugeTLB registered 2 MB page size, pre-allocated 0 pages
[    2.419372] zbud: loaded
[    2.420057] VFS: Disk quotas dquot_6.6.0
[    2.420616] VFS: Dquot-cache hash table entries: 512 (order 0, 4096 bytes)
[    2.421598] squashfs: version 4.0 (2009/01/31) Phillip Lougher
[    2.422533] fuse init (API version 7.23)
[    2.423209] Key type big_key registered
[    2.423755] Allocating IMA MOK and blacklist keyrings.
[    2.425241] Key type asymmetric registered
[    2.425803] Asymmetric key parser 'x509' registered
[    2.426464] Block layer SCSI generic (bsg) driver version 0.4 loaded (major 249)
[    2.427513] io scheduler noop registered
[    2.428059] io scheduler deadline registered (default)
[    2.428729] io scheduler cfq registered
[    2.429324] pci_hotplug: PCI Hot Plug PCI Core version: 0.5
[    2.430022] pciehp: PCI Express Hot Plug Controller Driver version: 0.4
[    2.430936] ACPI: AC Adapter [AC] (on-line)
[    2.431537] input: Power Button as /devices/LNXSYSTM:00/LNXPWRBN:00/input/input0
[    2.432535] ACPI: Power Button [PWRF]
[    2.433091] input: Sleep Button as /devices/LNXSYSTM:00/LNXSLPBN:00/input/input1
[    2.434092] ACPI: Sleep Button [SLPF]
[    2.435383] GHES: HEST is not enabled!
[    2.436671] Serial: 8250/16550 driver, 32 ports, IRQ sharing enabled
[    2.459645] 00:02: ttyS0 at I/O 0x3f8 (irq = 4, base_baud = 115200) is a 16550A
[    2.462673] Linux agpgart interface v0.103
[    2.464694] loop: module loaded
[    2.465667] scsi host0: ata_piix
[    2.466348] scsi host1: ata_piix
[    2.466861] ata1: PATA max UDMA/33 cmd 0x1f0 ctl 0x3f6 bmdma 0xd000 irq 14
[    2.467673] ata2: PATA max UDMA/33 cmd 0x170 ctl 0x376 bmdma 0xd008 irq 15
[    2.468723] libphy: Fixed MDIO Bus: probed
[    2.469293] tun: Universal TUN/TAP device driver, 1.6
[    2.469932] tun: (C) 1999-2004 Max Krasnyansky <maxk@qualcomm.com>
[    2.470775] PPP generic driver version 2.4.2
[    2.471387] ehci_hcd: USB 2.0 'Enhanced' Host Controller (EHCI) Driver
[    2.472150] ehci-pci: EHCI PCI platform driver
[    2.472727] ehci-platform: EHCI generic platform driver
[    2.473372] ohci_hcd: USB 1.1 'Open' Host Controller (OHCI) Driver
[    2.474108] ohci-pci: OHCI PCI platform driver
[    2.474703] ohci-platform: OHCI generic platform driver
[    2.475413] uhci_hcd: USB Universal Host Controller Interface driver
[    2.476193] i8042: PNP: PS/2 Controller [PNP0303:PS2K,PNP0f03:PS2M] at 0x60,0x64 irq 1,12
[    2.477597] serio: i8042 KBD port at 0x60,0x64 irq 1
[    2.478254] serio: i8042 AUX port at 0x60,0x64 irq 12
[    2.478951] mousedev: PS/2 mouse device common for all mice
[    2.479907] input: AT Translated Set 2 keyboard as /devices/platform/i8042/serio0/input/input2
[    2.481157] rtc_cmos rtc_cmos: rtc core: registered rtc_cmos as rtc0
[    2.481993] rtc_cmos rtc_cmos: alarms up to one day, 114 bytes nvram
[    2.482772] i2c /dev entries driver
[    2.483326] device-mapper: uevent: version 1.0.3
[    2.483970] device-mapper: ioctl: 4.34.0-ioctl (2015-10-28) initialised: dm-devel@redhat.com
[    2.485019] ledtrig-cpu: registered to indicate activity on CPUs
[    2.486109] NET: Registered protocol family 10
[    2.486856] NET: Registered protocol family 17
[    2.487425] Key type dns_resolver registered
[    2.488111] registered taskstats version 1
[    2.488650] Loading compiled-in X.509 certificates
[    2.489634] Loaded X.509 cert 'Build time autogenerated kernel key: f0e56e97f406068ace47a9bf54316e9855aaaa43'
[    2.490858] zswap: loaded using pool lzo/zbud
[    2.492553] Key type trusted registered
[    2.495305] Key type encrypted registered
[    2.495878] AppArmor: AppArmor sha1 policy hashing enabled
[    2.496532] ima: No TPM chip found, activating TPM-bypass!
[    2.497184] ima: Allocated hash algorithm: sha1
[    2.497758] evm: HMAC attrs: 0x1
[    2.498433]   Magic number: 8:174:64
[    2.498985] rtc_cmos rtc_cmos: setting system clock to 2020-02-14 06:05:08 UTC (1581660308)
[    2.500089] BIOS EDD facility v0.16 2004-Jun-25, 0 devices found
[    2.500787] EDD information not available.
[    2.635979] Freeing unused kernel memory: 1488K
[    2.913691] Write protecting the kernel read-only data: 14336k
[    3.382500] Freeing unused kernel memory: 1604K
[    3.524021] Freeing unused kernel memory: 60K
Loading, please wait...
starting version 229
[    3.533280] random: systemd-udevd: uninitialized urandom read (16 bytes read, 5 bits of entropy available)
[    3.533527] random: udevadm: uninitialized urandom read (16 bytes read, 5 bits of entropy available)
[    3.533539] random: udevadm: uninitialized urandom read (16 bytes read, 5 bits of entropy available)
[    3.537469] random: systemd-udevd: uninitialized urandom read (16 bytes read, 5 bits of entropy available)
[    3.538860] random: udevadm: uninitialized urandom read (16 bytes read, 5 bits of entropy available)
[    3.538923] random: udevadm: uninitialized urandom read (16 bytes read, 5 bits of entropy available)
[    3.539018] random: udevadm: uninitialized urandom read (16 bytes read, 5 bits of entropy available)
[    3.539050] random: udevadm: uninitialized urandom read (16 bytes read, 5 bits of entropy available)
[    3.539084] random: udevadm: uninitialized urandom read (16 bytes read, 5 bits of entropy available)
[    3.539115] random: udevadm: uninitialized urandom read (16 bytes read, 5 bits of entropy available)
[    3.567809] e1000: Intel(R) PRO/1000 Network Driver - version 7.3.21-k8-NAPI
[    3.871167] e1000: Copyright (c) 1999-2006 Intel Corporation.
[    4.071338] Fusion MPT base driver 3.04.20
[    4.071890] Copyright (c) 1999-2008 LSI Corporation
[    4.074300] AVX2 version of gcm_enc/dec engaged.
[    4.074911] AES CTR mode by8 optimization enabled
[    4.076733] Fusion MPT SPI Host driver 3.04.20
[    4.272345] input: ImExPS/2 Generic Explorer Mouse as /devices/platform/i8042/serio1/input/input4
[    4.393418] e1000 0000:00:03.0 eth0: (PCI:33MHz:32-bit) 02:bf:1c:77:ff:98
[    4.399509] e1000 0000:00:03.0 eth0: Intel(R) PRO/1000 Network Connection
[    4.400817] e1000 0000:00:03.0 enp0s3: renamed from eth0
[    4.604359] mptbase: ioc0: Initiating bringup
[    4.673688] ioc0: LSI53C1030 A0: Capabilities={Initiator}
[    5.307296] scsi host2: ioc0: LSI53C1030 A0, FwRev=00000000h, Ports=1, MaxQ=256, IRQ=20
[    5.475280] scsi 2:0:0:0: Direct-Access     VBOX     HARDDISK         1.0  PQ: 0 ANSI: 5
[    5.480278] scsi target2:0:0: Beginning Domain Validation
[    5.482379] scsi target2:0:0: Domain Validation skipping write tests
[    5.483179] scsi target2:0:0: Ending Domain Validation
[    5.483864] scsi target2:0:0: asynchronous
[    5.484668] scsi 2:0:1:0: Direct-Access     VBOX     HARDDISK         1.0  PQ: 0 ANSI: 5
[    5.485761] scsi target2:0:1: Beginning Domain Validation
[    5.487235] scsi target2:0:1: Domain Validation skipping write tests
[    5.494739] scsi target2:0:1: Ending Domain Validation
[    5.495476] scsi target2:0:1: asynchronous
[    5.499795] sd 2:0:0:0: Attached scsi generic sg0 type 0
[    5.500591] sd 2:0:0:0: [sda] 20971520 512-byte logical blocks: (10.7 GB/10.0 GiB)
[    5.501935] sd 2:0:1:0: Attached scsi generic sg1 type 0
[    5.501963] sd 2:0:1:0: [sdb] 20480 512-byte logical blocks: (10.5 MB/10.0 MiB)
[    5.502263] sd 2:0:1:0: [sdb] Write Protect is off
[    5.502382] sd 2:0:1:0: [sdb] Incomplete mode parameter data
[    5.502383] sd 2:0:1:0: [sdb] Assuming drive cache: write through
[    5.505963] sd 2:0:0:0: [sda] Write Protect is off
[    5.506676] sd 2:0:0:0: [sda] Incomplete mode parameter data
[    5.507447] sd 2:0:0:0: [sda] Assuming drive cache: write through
[    5.510599]  sda: sda1
[    5.511757] sd 2:0:0:0: [sda] Attached SCSI disk
[    5.512403] sd 2:0:1:0: [sdb] Attached SCSI disk
Begin: Loading e[    6.797703] md: linear personality registered for level -1
ssential drivers[    7.325273] md: multipath personality registered for level -4
 ... [    7.516313] md: raid0 personality registered for level 0
[    7.784980] md: raid1 personality registered for level 1
[    7.862762] raid6: sse2x1   gen() 13998 MB/s
[    7.930756] raid6: sse2x1   xor() 10688 MB/s
[    8.114802] raid6: sse2x2   gen() 17646 MB/s
[    8.234823] raid6: sse2x2   xor() 12144 MB/s
[    8.334780] raid6: sse2x4   gen() 19941 MB/s
[    8.402787] raid6: sse2x4   xor() 12929 MB/s
[    8.598766] raid6: avx2x1   gen() 25337 MB/s
[    8.666753] raid6: avx2x2   gen() 32375 MB/s
[    8.738791] raid6: avx2x4   gen() 36188 MB/s
[    8.739406] raid6: using algorithm avx2x4 gen() 36188 MB/s
[    8.745420] raid6: using avx2x2 recovery algorithm
[    8.754770] xor: automatically using best checksumming function:
[    8.815072]    avx       : 72798.000 MB/sec
[    8.816565] async_tx: api initialized (async)
[    8.823895] md: raid6 personality registered for level 6
[    8.835261] md: raid5 personality registered for level 5
[    8.835975] md: raid4 personality registered for level 4
[    8.841157] md: raid10 personality registered for level 10
done.
Begin: Running /scripts/init-premount ... done.
Begin: Mounting root file system ... Begin: Running /scripts/local-top ... done.
Begin: Running /scripts/local-premount ... [    8.862049] Btrfs loaded
Scanning for Btrfs filesystems
done.
Warning: fsck not present, so skipping root file system
[    8.884360] EXT4-fs (sda1): mounted filesystem with ordered data mode. Opts: (null)
done.
Begin: Running /scripts/local-bottom ... done.
Begin: Running /scripts/init-bottom ... done.
[    8.952944] systemd[1]: systemd 229 running in system mode. (+PAM +AUDIT +SELINUX +IMA +APPARMOR +SMACK +SYSVINIT +UTMP +LIBCRYPTSETUP +GCRYPT +GNUTLS +ACL +XZ -LZ4 +SECCOMP +BLKID +ELFUTILS +KMOD -IDN)
[    8.955877] systemd[1]: Detected virtualization oracle.
[    8.956754] systemd[1]: Detected architecture x86-64.

Welcome to [1mUbuntu 16.04.6 LTS[0m!

[    8.959869] systemd[1]: Set hostname to <ubuntu>.
[    8.962434] systemd[1]: Initializing machine ID from random generator.
[    8.963540] systemd[1]: Installed transient /etc/machine-id file.
[    9.052241] systemd[1]: Reached target System Time Synchronized.
[[0;32m  OK  [0m] Reached target System Time Synchronized.
[    9.056468] systemd[1]: Listening on LVM2 metadata daemon socket.
[[0;32m  OK  [0m] Listening on LVM2 metadata daemon socket.
[    9.058044] systemd[1]: Listening on Device-mapper event daemon FIFOs.
[[0;32m  OK  [0m] Listening on Device-mapper event daemon FIFOs.
[    9.059734] systemd[1]: Listening on udev Control Socket.
[[0;32m  OK  [0m] Listening on udev Control Socket.
[    9.061184] systemd[1]: Started Trigger resolvconf update for networkd DNS.
[[0;32m  OK  [0m] Started Trigger resolvconf update for networkd DNS.
[    9.062937] systemd[1]: Listening on Journal Audit Socket.
[[0;32m  OK  [0m] Listening on Journal Audit Socket.
[    9.064400] systemd[1]: Listening on LVM2 poll daen socket.
[[0;32m  OK  [0m] Listening on LVM2 poll daemon socket.
[    9.104460] systemd[1]: Listening on /dev/initctl Compatibility Named Pipe.
[[0;32m  OK  [0m] Listening on /dev/initctl Compatibility Named Pipe.
[    9.106227] systemd[1]: Started Forward Password Requests to Wall Directory Watch.
[[0;32m  OK  [0m] Started Forward Password Requests to Wall Directory Watch.
[    9.108129] systemd[1]: Reached target User and Group Name Lookups.
[[0;32m  OK  [0m] Reached target User and Group Name Lookups.
[    9.109697] systemd[1]: Reached target Encrypted Volumes.
[[0;32m  OK  [0m] Reached target Encrypted Volumes.
[    9.111388] systemd[1]: Created slice User and Session Slice.
[[0;32m  OK  [0m] Created slice User and Session Slice.
[    9.112935] systemd[1]: Listening on udev Kernel Socket.
[[0;32m  OK  [0m] Listening on udev Kernel Socket.
[    9.114357] systemd[1]: Reached target Swap.
[[0;32m  OK  [0m] Reached target Swap.
[    9.115647] systemd[1]: Listening on Journal Socket (/dev/log).
[[0;32m  OK  [0m] Listening on Journal Socket (/dev/log).
[    9.117302] systemd[1]: Created slice System Slice.
[[0;32m  OK  [0m] Created slice System Slice.
[    9.118672] systemd[1]: Reached target Slices.
[[0;32m  OK  [0m] Reached target Slices.
[    9.120125] systemd[1]: Created slice system-serial\x2dgetty.slice.
[[0;32m  OK  [0m] Created slice system-serial\x2dgetty.slice.
[    9.121694] systemd[1]: Listening on Journal Socket.
[[0;32m  OK  [0m] Listening on Journal Socket.

[    9.134800] systemd[1]: Mounting Debug File System...
         Mounting Debug File System...
[    9.136609] systemd[1]: Starting Remount Root and Kernel File Systems...
         Starting Remount Root and Kernel File Systems...
[    9.138920] systemd[1]: Starting Set console keymap...
         Starting Set console keymap...
[    9.140808] systemd[1]: Starting Uncomplicated firewall...
[    9.141098] EXT4-fs (sda1): re-mounted. Opts: (null)
         Starting Uncomplicated firewall...
[    9.145153] systemd[1]: Starting Load Kernel Modules...
         Starting Load Kernel Modules...
[    9.147223] systemd[1]: Starting Nameserver information manager...
         Starting Nameserver information manager...
[    9.150199] systemd[1]: Starting Create list of required static device nodes for the current kernel...
         Starting Create list of required st... nodes for the current kernel...
[    9.152993] systemd[1]: Mounting POSIX Message Queue File System...
         Mounting POSIX Message Queue File System...
[    9.155515] systemd[1]: Starting Monitoring of LVM2 mirrors, snapshots etc. using dmeventd or progress polling...
         Starting Monitoring of LVM2 mirrors... dmeventd or progress polling...
[    9.158647] systemd[1]: Listening on Syslog Socket.
[[0;32m  OK  [0m] Listening on Syslog Socket.
[    9.160634] systemd[1]: Starting Journal Service...
         Starting Journal Service...
[    9.162262] systemd[1]: Set up automount Arbitrary Executable File Formats File System Automount Point.
[[0;32m  OK  [0m] Set up automount Arbitrary Executab...ats File System Automount Point.
[    9.165180] Loading iSCSI transport class v2.0-870.
[    9.166416] systemd[1]: Mounting Huge Pages File System...
         Mounting Huge Pages File System...
[    9.169305] systemd[1]: Mounted POSIX Message Queue File System.
[[0;32m  OK  [0m] Mounted POSIX Message Queue File System.
[    9.171547] systemd[1]: Mounted Debug File System.
[[0;32m  OK  [0m] Mounted Debug File System.
[    9.173552] systemd[1]: Started Remount Root and Kernel File Systems.
[[0;32m  OK  [0m] Started Remount Root and Kernel File Systems.
[    9.178660] systemd[1]: Started Uncomplicated firewall.
[[0;32m  OK  [0m] Started Uncomplicated firewall.
[    9.181166] systemd[1]: Started Create list of required static device nodes for the current kernel.
[[0;32m  OK  [0m] Started Create list of required sta...ce nodes for the current kernel.
[    9.184500] systemd[1]: Mounted Huge Pages File System.
[[0;32m  OK  [0m] Mounted Huge Pages File System.
[    9.186548] systemd[1]: Started Nameserver information manager.
[[0;32m  OK  [0m] Started Nameserver information manager.
[    9.189346] iscsi: registered transport (tcp)
[    9.190408] systemd[1]: Started LVM2 metadata daemon.
[[0;32m  OK  [0m] Started LVM2 metadata daemon.
[    9.193005] systemd[1]: Starting Create Static Device Nodes in /dev...
         Starting Create Static Device Nodes in /dev...
[    9.196304] systemd[1]: Starting udev Coldplug all Devices...
         Starting udev Coldplug all Devices...
[    9.198675] systemd[1]: Starting Load/Save Random Seed...
         Starting Load/Save Random Seed...
[    9.204792] systemd[1]: Started Journal Service.
[[0;32m  OK  [0m] Started Journal Service.
[[0;32m  OK  [0m] Started Load/Save Random Seed.
         Starting Flush Journal to Persistent Storage...
[[0;32m  OK  [0m] Started Create Static Device Nodes in /dev.
         Starting udev Kernel Device Manager...
[[0;32m  OK  [0m] Started Set console keymap.
[    9.220823] systemd-journald[409]: Received request to flush runtime journal from PID 1
[[0;32m  OK  [0m] Started Flush Journal to Persistent Storage.
[[0;32m  OK  [0m] Started udev Kernel Device Manager.
[[0;32m  OK  [0m] Started udev Coldplug all Devices.
[[0;32m  OK  [0m] Started Dispatch Password Requests to Console Directory Watch.
[    9.255180] iscsi: registered transport (iser)
[[0;32m  OK  [0m] Started Load Kernel Modules.
         Mounting FUSE Control File System...
         Starting Apply Kernel Variables...[    9.265199] random: nonblocking pool is initialized

[[0;32m  OK  [0m] Mounted FUSE Control File System.
[[0;32m  OK  [0m] Started Apply Kernel Variables.
[[0;32m  OK  [0m] Found device /dev/ttyS0.
[[0;32m  OK  [0m] Listening on Load/Save RF Kill Switch Status /dev/rfkill Watch.
[[0;32m  OK  [0m] Started Monitoring of LVM2 mirrors,...ng dmeventd or progress polling.
[[0;32m  OK  [0m] Reached target Local File Systems (Pre).
[[0;32m  OK  [0m] Reached target Local File Systems.
         Starting Tell Plymouth To Write Out Runtime Data...
         Starting Set console font and keymap...
         Starting LSB: AppArmor initialization...
         Starting Initial cloud-init job (pre-networking)...
         Starting Create Volatile Files and Directories...
         Starting Commit a transient machine-id on disk...
[[0;32m  OK  [0m] Started Tell Plymouth To Write Out Runtime Data.
[[0;32m  OK  [0m] Started Create Volatile Files and Directories.
[[0;32m  OK  [0m] Started Commit a transient machine-id on disk.
         Starting Update UTMP about System Boot/Shutdown...
[[0;32m  OK  [0m] Started Update UTMP about System Boot/Shutdown.
[[0;32m  OK  [0m] Started Set console font and keymap.
[[0;32m  OK  [0m] Created slice system-getty.slice.
[[0;32m  OK  [0m] Started LSB: AppArmor initialization.
[    9.435091] cloud-init[636]: Cloud-init v. 19.3-41-gc4735dd3-0ubuntu1~16.04.1 running 'init-local' at Fri, 14 Feb 2020 06:05:16 +0000. Up 9.23 seconds.
[[0;32m  OK  [0m] Started Initial cloud-init job (pre-networking).
[[0;32m  OK  [0m] Reached target Network (Pre).
         Starting Raise network interfaces...
[[0;32m  OK  [0m] Started Raise network interfaces.
         Starting Initial cloud-init job (metadata service crawler)...
[[0;32m  OK  [0m] Reached target Network.
[   10.554843] cloud-init[960]: Cloud-init v. 19.3-41-gc4735dd3-0ubuntu1~16.04.1 running 'init' at Fri, 14 Feb 2020 06:05:17 +0000. Up 10.09 seconds.
[   10.584146] cloud-init[960]: ci-info: ++++++++++++++++++++++++++++++++++++++Net device info++++++++++++++++++++++++++++++++++++++
[   10.584320] cloud-init[960]: ci-info: +--------+------+----------------------------+---------------+--------+-------------------+
[   10.584589] cloud-init[960]: ci-info: | Device |  Up  |          Address           |      Mask     | Scope  |     Hw-Address    |
[   10.584853] cloud-init[960]: ci-info: +--------+------+----------------------------+---------------+--------+-------------------+
[   10.585119] cloud-init[960]: ci-info: | enp0s3 | True |         10.0.2.15          | 255.255.255.0 | global | 02:bf:1c:77:ff:98 |
[   10.585393] cloud-init[960]: ci-info: | enp0s3 | True | fe80::bf:1cff:fe77:ff98/64 |       .       |  link  | 02:bf:1c:77:ff:98 |
[   10.585656] cloud-init[960]: ci-info: |   lo   | True |         127.0.0.1          |   255.0.0.0   |  host  |         .         |
[   10.585923] cloud-init[960]: ci-info: |   lo   | True |          ::1/128           |       .       |  host  |         .         |
[   10.586195] cloud-init[960]: ci-info: +--------+------+----------------------------+---------------+--------+-------------------+
[   10.586462] cloud-init[960]: ci-info: +++++++++++++++++++++++++++Route IPv4 info++++++++++++++++++++++++++++
[   10.586733] cloud-init[960]: ci-info: +-------+-------------+----------+---------------+-----------+-------+
[   10.587003] cloud-init[960]: ci-info: | Route | Destination | Gateway  |    Genmask    | Interface | Flags |
[[0;32m  OK  [0m] Started Initial cloud-init job (metadata service crawler).
[[   10.587283] cloud-init[960]: ci-info: +-------+-------------+----------+---------------+-----------+-------+
[   10.594990] cloud-init[960]: ci-info: |   0   |   0.0.0.0   | 10.0.2.2 |    0.0.0.0    |   enp0s3  |   UG  |
[   10.595169] cloud-init[960]: ci-info: |   1   |   10.0.2.0  | 0.0.0.0  | 255.255.255.0 |   enp0s3  |   U   |
[   10.595348] cloud-init[960]: ci-info: +-------+-------------+----------+---------------+-----------+-------+
[   10.595552] cloud-init[960]: ci-info: +++++++++++++++++++Route IPv6 info+++++++++++++++++++
[   10.595732] cloud-init[960]: ci-info: +-------+-------------+---------+-----------+-------+
[   10.595914] cloud-init[960]: ci-info: | Route | Destination | Gateway | Interface | Flags |
[   10.596216] cloud-init[960]: ci-info: +-------+-------------+---------+-----------+-------+
[   10.596390] cloud-init[960]: ci-info: |   0   |  fe80::/64  |    ::   |   enp0s3  |   U   |
[   10.596567] cloud-init[960]: ci-info: |   3   |   ff00::/8  |    ::   |   enp0s3  |   U   |
[   10.596748] cloud-init[960]: ci-info: +-------+-------------+---------+-----------+-------+
[   10.596942] cloud-init[960]: Generating public/private rsa key pair.
[   10.597104] cloud-init[960]: Your identification has been saved in /etc/ssh/ssh_host_rsa_key.
[   10.597278] cloud-init[960]: Your public key has been saved in /etc/ssh/ssh_host_rsa_key.pub.
[   10.597454] cloud-init[960]: The key fingerprint is:
[   10.597633] cloud-init[960]: SHA256:/Pe5qcltfYurz5zGxeN8VHtWRJTuCx0SPiLbEuqhpyY root@ubuntu-xenial
[   10.597809] cloud-init[960]: The key's randomart image is:
[   10.597991] cloud-init[960]: +---[RSA 2048]----+
[   10.598166] cloud-init[960]: |               o+|
[   10.598345] cloud-init[960]: |             . ..|
[   10.598553] cloud-init[960]: |            . o. |
[   10.598730] cloud-init[960]: |       . o . + oo|
[   10.598908] cloud-init[960]: |        S = . * =|
[   10.599089] cloud-init[960]: |       o + . . B+|
[   10.599278] cloud-init[960]: |      o . o o =++|
[   10.599456] cloud-init[960]: |   E o o   oo*+*+|
[   10.599634] cloud-init[960]: |    o.o    .BXBo+|
[   10.599812] cloud-init[960]: +----[SHA256]-----+
[   10.599994] cloud-init[960]: Generating public/private dsa key pair.
[   10.600193] cloud-init[960]: Your identification has been saved in /etc/ssh/ssh_host_dsa_key.
[   10.600382] cloud-init[960]: Your public key has been saved in /etc/ssh/ssh_host_dsa_key.pub.
[   10.600559] cloud-init[960]: The key fingerprint is:
[   10.600737] cloud-init[960]: SHA256:atLa4z0vXosjedw9BnuxrxdbodRhHs2FSGa71rw5feE root@ubuntu-xenial
[   10.600917] cloud-init[960]: The key's randomart image is:
[   10.601094] cloud-init[960]: +---[DSA 1024]----+
[   10.601271] cloud-init[960]: |           .+. o+|
[   10.601453] cloud-init[960]: |           o...+o|
[   10.601632] cloud-init[960]: |            . + o|
[   10.601813] cloud-init[960]: |             = + |
[   10.601987] cloud-init[960]: |        S   + +..|
[   10.602197] cloud-init[960]: |     . .  ....o+o|
[   10.602407] cloud-init[960]: |    . +o ..+ o+Eo|
[   10.602644] cloud-init[960]: |     =+.*oo.* o..|
[   10.602849] cloud-init[960]: |    ..o=+=oo.=.  |
[   10.603027] cloud-init[960]: +----[SHA256]-----+
[   10.603244] cloud-init[960]: Generating public/private ecdsa key pair.
[   10.603419] cloud-init[960]: Your identification has been saved in /etc/ssh/ssh_host_ecdsa_key.
[   10.603596] cloud-init[960]: Your public key has been saved in /etc/ssh/ssh_host_ecdsa_key.pub.
[   10.603772] cloud-init[960]: The key fingerprint is:
[   10.603951] cloud-init[960]: SHA256:R86M+3U1lTrB3JxFtYgiiWUfs0Yx9dOPua+52lsCU3Y root@ubuntu-xenial
[   10.604137] cloud-init[960]: The key's randomart image is:
[   10.604331] cloud-init[960]: +---[ECDSA 256]---+
[   10.604527] cloud-init[960]: |       o *o.   .=|
[   10.604705] cloud-init[960]: |      + + = = = =|
[   10.604883] cloud-init[960]: |     . o =.. BoBE|
[   10.605060] cloud-init[960]: |        o*.  o++o|
[   10.605186] cloud-init[960]: |        S = ooo.o|
[   10.605394] cloud-init[960]: |         o   o.o.|
[   10.605567] cloud-init[960]: |        .   . + .|
[   10.605721] cloud-init[960]: |         . . o = |
[   10.605897] cloud-init[960]: |          . ..*+.|
[   10.606077] cloud-init[960]: +----[SHA256]-----+
[   10.606259] cloud-init[960]: Generating public/private ed25519 key pair.
[   10.606439] cloud-init[960]: Your identification has been saved in /etc/ssh/ssh_host_ed25519_key.
[   10.606619] cloud-init[960]: Your public key has been saved in /etc/ssh/ssh_host_ed25519_key.pub.
[   10.606801] cloud-init[960]: The key fingerprint is:
[   10.606980] cloud-init[960]: SHA256:FM2fwhbLwfXYP3AAtxrRURkVxJH6mgIpeSHWX+IgObQ root@ubuntu-xenial
[   10.607183] cloud-init[960]: The key's randomart image is:
[   10.607388] cloud-init[960]: +--[ED25519 256]--+
[   10.607563] cloud-init[960]: |        .+ +++=*O|
[   10.607744] cloud-init[960]: |       . .* o=o+ |
[   10.607922] cloud-init[960]: |      . =o *.++. |
[   10.608202] cloud-init[960]: |       E +*.=oo. |
[   10.608392] cloud-init[960]: |      . S.*oo ...|
[   10.608618] cloud-init[960]: |       o + o   ..|
[   10.608799] cloud-init[960]: |        o .   o  |
[   10.608978] cloud-init[960]: |           . o   |
[   10.609325] cloud-init[960]: |            .    |
[   10.609523] cloud-init[960]: +----[SHA256]-----+
[0;32m  OK  [0m] Reached target Cloud-config availability.
[[0;32m  OK  [0m] Reached target Network is Online.
         Starting iSCSI initiator daemon (iscsid)...
[[0;32m  OK  [0m] Reached target System Initialization.
[[0;32m  OK  [0m] Listening on D-Bus System Message Bus Socket.
[[0;32m  OK  [0m] Listening on UUID daemon activation socket.
[[0;32m  OK  [0m] Started Daily Cleanup of Temporary Directories.
[[0;32m  OK  [0m] Started Message of the Day.
[[0;32m  OK  [0m] Started Daily apt download activities.
[[0;32m  OK  [0m] Started Daily apt upgrade and clean activities.
         Starting Socket activation for snappy daemon.
[[0;32m  OK  [0m] Reached target Timers.
[[0;32m  OK  [0m] Listening on ACPID Listen Socket.
         Starting LXD - unix socket.
[[0;32m  OK  [0m] Started ACPI Events Check.
[[0;32m  OK  [0m] Reached target Paths.
[[0;32m  OK  [0m] Listening on Socket activation for snappy daemon.
[[0;32m  OK  [0m] Listening on LXD - unix socket.
[[0;32m  OK  [0m] Reached target Sockets.
[[0;32m  OK  [0m] Reached target Basic System.
         Starting Virtualbox guest utils...
[[0;32m  OK  [0m] Started Regular background program processing daemon.
         Starting LSB: MD monitoring daemon...
         Starting Login Service...
         Starting System Logging Service...
[[0;32m  OK  [0m] Started FUSE filesystem for LXC.
         Starting /etc/rc.local Compatibility...
         Starting LSB: Record successful boot for GRUB...
[[0;32m  OK  [0m] Started Deferred execution scheduler.
[[0;32m  OK  [0m] Started ACPI event daemon.
         Starting Pollinate to seed the pseudo random number generator...
         Starting Accounts Service...
[[0;32m  OK  [0m] Started D-Bus System Message Bus.
         Starting LXD - container startup/shutdown...
         Starting Snappy daemon...
[[0;32m  OK  [0m] Started System Logging Service.
[[0;32m  OK  [0m] Started iSCSI initiator daemon (iscsid).
[[0;32m  OK  [0m] Started /etc/rc.local Compatibility.
[[0;32m  OK  [0m] Started Login Service.
[[0;32m  OK  [0m] Started Unattended Upgrades Shutdown.
         Starting Authenticate and Authorize Users to Run Privileged Tasks...
         Starting Login to default iSCSI targets...
[[0;32m  OK  [0m] Started LSB: MD monitoring daemon.
[[0;32m  OK  [0m] Started LSB: Record successful boot for GRUB.
[[0;32m  OK  [0m] Started Authenticate and Authorize Users to Run Privileged Tasks.
[[0;32m  OK  [0m] Started Accounts Service.
[[0;32m  OK  [0m] Started Virtualbox guest utils.
[[0;32m  OK  [0m] Started Login to default iSCSI targets.
[[0;32m  OK  [0m] Reached target Remote File Systems (Pre).
[[0;32m  OK  [0m] Reached target Remote File Systems.
         Starting LSB: daemon to balance interrupts for SMP systems...
         Starting LSB: Set the CPU Frequency Scaling governor to "ondemand"...
         Starting LSB: automatic crash report generation...
         Starting Permit User Sessions...
[[0;32m  OK  [0m] Started Permit User Sessions.
         Starting Terminate Plymouth Boot Screen...
         Starting Hold until boot process finishes up...
[[0;32m  OK  [0m] Started Hold until boot process finishes up.
[[0;32m  OK  [0m] Started Getty on tty1.
[[0;32m  OK  [0m] Started Serial Getty on ttyS0.
[[0;32m  OK  [0m] Reached target Login Prompts.
         Starting Set console scheme...
[[0;32m  OK  [0m] Started LXD - container startup/shutdown.
[[0;32m  OK  [0m] Started Terminate Plymouth Boot Screen.
[[0;32m  OK  [0m] Started LSB: daemon to balance interrupts for SMP systems.
[[0;32m  OK  [0m] Started LSB: automatic crash report generation.
[[0;32m  OK  [0m] Started Set console scheme.
[[0;32m  OK  [0m] Started LSB: Set the CPU Frequency Scaling governor to "ondemand".
[[0;32m  OK  [0m] Started Snappy daemon.
         Starting Wait until snapd is fully seeded...
[[0;32m  OK  [0m] Started Pollinate to seed the pseudo random number generator.
         Starting OpenBSD Secure Shell server...
[[0;32m  OK  [0m] Started OpenBSD Secure Shell server.
[[0;32m  OK  [0m] Created slice User Slice of vagrant.
         Starting User Manager for UID 1000...
[[0;32m  OK  [0m] Started Session 1 of user vagrant.
[[0;32m  OK  [0m] Started User Manager for UID 1000.
[[0;32m  OK  [0m] Started Wait until snapd is fully seeded.
         Starting Apply the settings specified in cloud-config...
[[0;32m  OK  [0m] Reached target Multi-User System.
[[0;32m  OK  [0m] Reached target Graphical Interface.
         Starting Update UTMP about System Runlevel Changes...
[[0;32m  OK  [0m] Started Update UTMP about System Runlevel Changes.
[   13.610996] cloud-init[1424]: Generating locales (this might take a while)...
[   14.086702] cloud-init[1424]:   en_US.UTF-8... done
[   14.102978] cloud-init[1424]: Generation complete.
[   14.277851] cloud-init[1424]: Cloud-init v. 19.3-41-gc4735dd3-0ubuntu1~16.04.1 running 'modules:config' at Fri, 14 Feb 2020 06:05:20 +0000. Up 13.55 seconds.
[[0;32m  OK  [0m] Started Apply the settings specified in cloud-config.
         Starting Execute cloud user/final scripts...
ci-info: no authorized ssh keys fingerprints found for user ubuntu.
<14>Feb 14 06:05:21 ec2: 
<14>Feb 14 06:05:21 ec2: #############################################################
<14>Feb 14 06:05:21 ec2: -----BEGIN SSH HOST KEY FINGERPRINTS-----
<14>Feb 14 06:05:21 ec2: 1024 SHA256:atLa4z0vXosjedw9BnuxrxdbodRhHs2FSGa71rw5feE root@ubuntu-xenial (DSA)
<14>Feb 14 06:05:21 ec2: 256 SHA256:R86M+3U1lTrB3JxFtYgiiWUfs0Yx9dOPua+52lsCU3Y root@ubuntu-xenial (ECDSA)
<14>Feb 14 06:05:21 ec2: 256 SHA256:FM2fwhbLwfXYP3AAtxrRURkVxJH6mgIpeSHWX+IgObQ root@ubuntu-xenial (ED25519)
<14>Feb 14 06:05:21 ec2: 2048 SHA256:/Pe5qcltfYurz5zGxeN8VHtWRJTuCx0SPiLbEuqhpyY root@ubuntu-xenial (RSA)
<14>Feb 14 06:05:21 ec2: -----END SSH HOST KEY FINGERPRINTS-----
<14>Feb 14 06:05:21 ec2: #############################################################
-----BEGIN SSH HOST KEY KEYS-----
ecdsa-sha2-nistp256 AAAAE2VjZHNhLXNoYTItbmlzdHAyNTYAAAAIbmlzdHAyNTYAAABBBKa8dRnRD/S6PI27KOflpy58NBwY9/sYxNuy0LEoVZ8WKeCQj0IEM7nWTBH+b64YYkvIQV7x34ILbz/pM0KkuPY= root@ubuntu-xenial
ssh-ed25519 AAAAC3NzaC1lZDI1NTE5AAAAILQXPy/FqQjq2+83ZvOxXzzooi+VOz/7CfhYG8rf30fa root@ubuntu-xenial
ssh-rsa AAAAB3NzaC1yc2EAAAADAQABAAABAQDAqcUc2ZxExMx8kNlO8l0cszAKlnFWyLOui7asT327pFhdd5NG0rc1f5Qqmc71LFhX9mDnD5EUOlW2mWVJy4EmpHO9J28L6INJ9wOY1JeMhIKT5SoQotSHYAm+RYRfJ9xZHl2MuyC4WLPE37YlrC9dmJxov/irBRZZDeZf1gceXuLSaHV3K8Bc+ELAMm+F9iMlKghyUl0/Crs5jtjWpP91NY7QgLvEujD9vmy3opS4oA4KRvAH0Rp8fggsBAhXrs59o7cbS9ByFrR5/AQucYxsTGjJnJUD2HMYrV7z8T0WdaEyrJ6pP6dPjyEAvtIROKnhBkxO45SjexH39Vvrvblb root@ubuntu-xenial
-----END SSH HOST KEY KEYS-----
[   14.658090] cloud-init[1521]: Cloud-init v. 19.3-41-gc4735dd3-0ubuntu1~16.04.1 running 'modules:final' at Fri, 14 Feb 2020 06:05:21 +0000. Up 14.50 seconds.
[   14.659851] cloud-init[1521]: ci-info: no authorized ssh keys fingerprints found for user ubuntu.
[   14.661232] cloud-init[1521]: Cloud-init v. 19.3-41-gc4735dd3-0ubuntu1~16.04.1 finished at Fri, 14 Feb 2020 06:05:21 +0000. Datasource DataSourceNoCloud [seed=/dev/sdb][dsmode=net].  Up 14.65 seconds
[[0;32m  OK  [0m] Started Execute cloud user/final scripts.
[[0;32m  OK  [0m] Reached target Cloud-init target.

Ubuntu 16.04.6 LTS ubuntu-xenial ttyS0

ubuntu-xenial login: 